<?xml version="1.0" encoding="utf-8"?><testsuites name="pytest tests"><testsuite name="pytest" errors="0" failures="0" skipped="0" tests="23" time="23.856" timestamp="2025-10-24T18:29:26.233344-05:00" hostname="ALCOM-11473"><testcase classname="tests.test_mcp_protocol.TestMCPProtocol" name="test_mcp_server_creates_successfully" time="0.031" /><testcase classname="tests.test_mcp_protocol.TestMCPProtocol" name="test_mcp_tools_registration" time="1.186" /><testcase classname="tests.test_mcp_protocol.TestMCPProtocol" name="test_mcp_resources_registration" time="0.533" /><testcase classname="tests.test_mcp_protocol.TestMCPProtocol" name="test_mcp_prompts_registration" time="0.145" /><testcase classname="tests.test_mcp_protocol.TestMCPProtocol" name="test_schema_hook_applies_correctly" time="0.066" /><testcase classname="tests.test_mcp_protocol.TestMCPProtocol" name="test_mcp_tool_search_reservations" time="0.056" /><testcase classname="tests.test_mcp_protocol.TestMCPProtocol" name="test_mcp_tool_get_reservation" time="0.028" /><testcase classname="tests.test_mcp_protocol.TestMCPProtocol" name="test_mcp_tool_get_folio" time="0.029" /><testcase classname="tests.test_mcp_protocol.TestMCPProtocol" name="test_mcp_tool_search_units" time="0.073" /><testcase classname="tests.test_mcp_protocol.TestMCPProtocol" name="test_mcp_tool_search_amenities" time="0.039" /><testcase classname="tests.test_mcp_protocol.TestMCPProtocol" name="test_mcp_tool_create_maintenance_work_order" time="0.048" /><testcase classname="tests.test_mcp_protocol.TestMCPProtocol" name="test_mcp_tool_create_housekeeping_work_order" time="0.040" /><testcase classname="tests.test_mcp_protocol.TestMCPProtocol" name="test_mcp_prompt_date_range_search" time="0.072" /><testcase classname="tests.test_mcp_protocol.TestMCPProtocol" name="test_mcp_server_integration" time="0.624" /><testcase classname="tests.test_mcp_server.TestMCPServer" name="test_server_imports_successfully" time="1.286" /><testcase classname="tests.test_mcp_server.TestMCPServer" name="test_server_has_required_attributes" time="0.001" /><testcase classname="tests.test_mcp_server.TestMCPServer" name="test_server_can_be_configured" time="0.004" /><testcase classname="tests.test_mcp_server.TestMCPServer" name="test_environment_variables_available" time="0.001" /><testcase classname="tests.test_mcp_server.TestMCPServer" name="test_schema_hook_is_active" time="0.003" /><testcase classname="tests.test_mcp_server.TestMCPServer" name="test_cors_configuration" time="0.001" /><testcase classname="tests.test_mcp_server.TestMCPServer" name="test_http_transport_configured" time="0.001" /><testcase classname="tests.test_mcp_server.TestMCPServer" name="test_server_startup_sequence" time="0.003" /><testcase classname="tests.test_mcp_server.TestMCPServer" name="test_fastmcp_cloud_compatibility" time="0.002" /></testsuite></testsuites>